// Jest Snapshot v1, https://goo.gl/fbAQLP

exports[`PrivateRoute component renders a form.PrivateRoute by default 1`] = `
<Route
  render={[Function]}
/>
`;
