// Jest Snapshot v1, https://goo.gl/fbAQLP

exports[`Button component renders a form.Button by default 1`] = `
<button
  className="Button"
/>
`;
