// Jest Snapshot v1, https://goo.gl/fbAQLP

exports[`NotFoundRoute component renders a form.NotFoundRoute by default 1`] = `
<section>
  <h2>
    404 - Page not found
  </h2>
  <p>
    Try going back to your previous page.
  </p>
</section>
`;
