// Jest Snapshot v1, https://goo.gl/fbAQLP

exports[`AllOtherRoute component renders a form.AllOtherRoute by default 1`] = `
<Route
  render={[Function]}
/>
`;
