// Jest Snapshot v1, https://goo.gl/fbAQLP

exports[`UserRoute component renders a form.UserRoute by default 1`] = `
<section
  className="container"
>
  <h3>
    ...
  </h3>
</section>
`;
