// Jest Snapshot v1, https://goo.gl/fbAQLP

exports[`PublicOnlyRoute component renders a form.PublicOnlyRoute by default 1`] = `
<Route
  render={[Function]}
/>
`;
