// Jest Snapshot v1, https://goo.gl/fbAQLP

exports[`LoginRoute component renders a form.LoginRoute by default 1`] = `
<section>
  <LoginForm
    onLoginSuccess={[Function]}
  />
</section>
`;
